Godot Engine v4.7.2.stable.official.ed1daf0bf - https://godotengine.org
Vulkan 1.4.318 - Forward+ - Using Device #0: Unknown - llvmpipe (LLVM 20.1.2, 256 bits)

WARNING: automation: dev inspector res://tools/inspector/dev_inspector.gd not found (exported build?) - --inspect ignored.
     at: push_warning (core/variant/variant_utility.cpp:1033)
     GDScript backtrace (most recent call first):
         [0] load_inspector (res://src/core/automation.gd:144)
         [1] _ready (res://src/core/automation.gd:118)
         [2] _ready (res://src/core/main.gd:43)
[smoke]
scenario=origin_chamber
renderer=forward_plus adapter=llvmpipe (LLVM 20.1.2, 256 bits)
quality=AUTO · LOW
modules=10/10
audio=present anchors=
events_received=20 expected=20
phase=COMPLETE layers=5/5
frames=48 wall_seconds=66.52 avg_fps=0.7
mission_objectives=7/7
pause_holds=true reset_ok=true
ui=present
ui_transport start=true pause=true reset=true
ui_demo_badge=3/3 (UNIVERSE,FORGE,OBSERVATORY)
RESULT=PASS
